// Jest Snapshot v1, https://goo.gl/fbAQLP

exports[`PlantSearchResults component renders the plant search results when given as an array 1`] = `<ul />`;
